// Jest Snapshot v1, https://goo.gl/fbAQLP

exports[`Asset exports every asset 1`] = `
Object {
  "AvatarPlaceholderColored": [Function],
  "BarChart3d": [Function],
  "Bookmark3d": [Function],
  "Branch3d": [Function],
  "Calendar3d": [Function],
  "Certification3d": [Function],
  "Checkmark3d": [Function],
  "Code3d": [Function],
  "Database3d": [Function],
  "Direction3d": [Function],
  "DoubleArrow3d": [Function],
  "Edit3d": [Function],
  "Education3d": [Function],
  "Email3d": [Function],
  "Finance3d": [Function],
  "FourArrows3d": [Function],
  "Globe3d": [Function],
  "Import3d": [Function],
  "Laptop3d": [Function],
  "Love3d": [Function],
  "MagnifyingGlass3d": [Function],
  "MailboxEmpty3d": [Function],
  "Mobile3d": [Function],
  "Paper3d": [Function],
  "Path3d": [Function],
  "People3d": [Function],
  "Rocket3d": [Function],
  "Share3d": [Function],
  "Target3d": [Function],
  "TargetArrow3d": [Function],
  "Team3d": [Function],
  "Timer3d": [Function],
  "TimerSleep3d": [Function],
  "Track3d": [Function],
  "Trophy3d": [Function],
}
`;
