// Jest Snapshot v1, https://goo.gl/fbAQLP

exports[`Logomark exports every logomarks 1`] = `
Object {
  "ExcelLogomark": [Function],
  "GitLogomark": [Function],
  "PowerBiLogomark": [Function],
  "PythonLogomark": [Function],
  "RLogomark": [Function],
  "ScalaLogomark": [Function],
  "ShellLogomark": [Function],
  "SpreadsheetLogomark": [Function],
  "SqlLogomark": [Function],
  "TableauLogomark": [Function],
  "TheoryLogomark": [Function],
}
`;
