// Jest Snapshot v1, https://goo.gl/fbAQLP

exports[`Logo exports every logo 1`] = `
Object {
  "ExcelLogo": [Function],
  "GitLogo": [Function],
  "OracleLogo": [Function],
  "PowerBiLogo": [Function],
  "PythonLogo": [Function],
  "RLogo": [Function],
  "ScalaLogo": [Function],
  "ShellLogo": [Function],
  "SparkLogo": [Function],
  "SpreadsheetsLogo": [Function],
  "SqlLogo": [Function],
  "TableauLogo": [Function],
}
`;
